// Jest Snapshot v1, https://goo.gl/fbAQLP

exports[`Header component render Header default 1`] = `<_default />`;
