// Jest Snapshot v1, https://goo.gl/fbAQLP

exports[`Footer component render footer 1`] = `<ForwardRef />`;
